INFO:__main__:---Response create_market_order---
{'info': {'orderId': '1472886089865441281', 'clientOid': 'b68b2f7e-6fe9-44f7-8099-617753d00749'}, 'id': '1472886089865441281', 'clientOrderId': 'b68b2f7e-6fe9-44f7-8099-617753d00749', 'timestamp': None, 'datetime': None, 'lastTradeTimestamp': None, 'lastUpdateTimestamp': None, 'symbol': 'BTC/USDT', 'type': None, 'side': None, 'price': None, 'amount': None, 'cost': None, 'average': None, 'filled': None, 'remaining': None, 'timeInForce': None, 'postOnly': None, 'reduceOnly': None, 'triggerPrice': None, 'takeProfitPrice': None, 'stopLossPrice': None, 'status': None, 'fee': None, 'trades': [], 'fees': [], 'stopPrice': None}

INFO:__main__:---Response fetch_trades---
INFO:__main__:
{'info': {'userId': '3839775644', 'symbol': 'BTCUSDT', 'orderId': '1472093254140506113', 'tradeId': '1472093254184583168', 'orderType': 'market', 'side': 'buy', 'priceAvg': '62780.26', 'size': '0.000031', 'amount': '1.94618806', 'feeDetail': {'deduction': 'no', 'feeCoin': 'BTC', 'totalDeductionFee': '', 'totalFee': '-0.0000000248'}, 'tradeScope': 'taker', 'cTime': '1786700302644', 'uTime': '1786700302667'}, 'id': '1472093254184583168', 'order': '1472093254140506113', 'symbol': 'BTC/USDT', 'side': 'buy', 'type': 'market', 'takerOrMaker': 'taker', 'price': 62780.26, 'amount': 3.1e-05, 'cost': 1.94618806, 'timestamp': 1786700302644, 'datetime': '2026-08-14T09:38:22.644Z', 'fee': {'currency': 'BTC', 'cost': 2.48e-08}, 'fees': [{'currency': 'BTC', 'cost': 2.48e-08}]}
INFO:__main__:
{'info': {'userId': '3839775644', 'symbol': 'BTCUSDT', 'orderId': '1472093420805369869', 'tradeId': '1472093420828475392', 'orderType': 'market', 'side': 'sell', 'priceAvg': '62777', 'size': '0.000037', 'amount': '2.322749', 'feeDetail': {'deduction': 'no', 'feeCoin': 'USDT', 'totalDeductionFee': '', 'totalFee': '-0.0018581992'}, 'tradeScope': 'taker', 'cTime': '1786700342375', 'uTime': '1786700342385'}, 'id': '1472093420828475392', 'order': '1472093420805369869', 'symbol': 'BTC/USDT', 'side': 'sell', 'type': 'market', 'takerOrMaker': 'taker', 'price': 62777.0, 'amount': 3.7e-05, 'cost': 2.322749, 'timestamp': 1786700342375, 'datetime': '2026-08-14T09:39:02.375Z', 'fee': {'currency': 'USDT', 'cost': 0.0018581992}, 'fees': [{'currency': 'USDT', 'cost': 0.0018581992}]}
INFO:__main__:
{'info': {'userId': '3839775644', 'symbol': 'BTCUSDT', 'orderId': '1472093420805369869', 'tradeId': '1472093420828475394', 'orderType': 'market', 'side': 'sell', 'priceAvg': '62777', 'size': '0.000024', 'amount': '1.506648', 'feeDetail': {'deduction': 'no', 'feeCoin': 'USDT', 'totalDeductionFee': '', 'totalFee': '-0.0012053184'}, 'tradeScope': 'taker', 'cTime': '1786700342375', 'uTime': '1786700342385'}, 'id': '1472093420828475394', 'order': '1472093420805369869', 'symbol': 'BTC/USDT', 'side': 'sell', 'type': 'market', 'takerOrMaker': 'taker', 'price': 62777.0, 'amount': 2.4e-05, 'cost': 1.506648, 'timestamp': 1786700342375, 'datetime': '2026-08-14T09:39:02.375Z', 'fee': {'currency': 'USDT', 'cost': 0.0012053184}, 'fees': [{'currency': 'USDT', 'cost': 0.0012053184}]}
INFO:__main__:
{'info': {'userId': '3839775644', 'symbol': 'BTCUSDT', 'orderId': '1472885906062651392', 'tradeId': '1472885906173837312', 'orderType': 'market', 'side': 'buy', 'priceAvg': '63055.01', 'size': '0.000031', 'amount': '1.95470531', 'feeDetail': {'deduction': 'no', 'feeCoin': 'BTC', 'totalDeductionFee': '', 'totalFee': '-0.0000000248'}, 'tradeScope': 'taker', 'cTime': '1786889285605', 'uTime': '1786889285616'}, 'id': '1472885906173837312', 'order': '1472885906062651392', 'symbol': 'BTC/USDT', 'side': 'buy', 'type': 'market', 'takerOrMaker': 'taker', 'price': 63055.01, 'amount': 3.1e-05, 'cost': 1.95470531, 'timestamp': 1786889285605, 'datetime': '2026-08-16T14:08:05.605Z', 'fee': {'currency': 'BTC', 'cost': 2.48e-08}, 'fees': [{'currency': 'BTC', 'cost': 2.48e-08}]}
INFO:__main__:
{'info': {'userId': '3839775644', 'symbol': 'BTCUSDT', 'orderId': '1472886089865441281', 'tradeId': '1472886089892741120', 'orderType': 'market', 'side': 'buy', 'priceAvg': '63055.01', 'size': '0.000031', 'amount': '1.95470531', 'feeDetail': {'deduction': 'no', 'feeCoin': 'BTC', 'totalDeductionFee': '', 'totalFee': '-0.0000000248'}, 'tradeScope': 'taker', 'cTime': '1786889329407', 'uTime': '1786889329417'}, 'id': '1472886089892741120', 'order': '1472886089865441281', 'symbol': 'BTC/USDT', 'side': 'buy', 'type': 'market', 'takerOrMaker': 'taker', 'price': 63055.01, 'amount': 3.1e-05, 'cost': 1.95470531, 'timestamp': 1786889329407, 'datetime': '2026-08-16T14:08:49.407Z', 'fee': {'currency': 'BTC', 'cost': 2.48e-08}, 'fees': [{'currency': 'BTC', 'cost': 2.48e-08}]}
INFO:__main__:---Response fetch_balance---
{'info': [{'coin': 'BTC', 'available': '0.0000631832000000', 'limitAvailable': '0', 'frozen': '0.0000000000000000', 'locked': '0.0000000000000000', 'uTime': '1786889329417'}, {'coin': 'USDT', 'available': '112.7825941732000000', 'limitAvailable': '0', 'frozen': '0.0000000000000000', 'locked': '0.0000000000000000', 'uTime': '1786889329418'}], 'BTC': {'free': 6.31832e-05, 'used': 0.0, 'total': 6.31832e-05}, 'USDT': {'free': 112.7825941732, 'used': 0.0, 'total': 112.7825941732}, 'free': {'BTC': 6.31832e-05, 'USDT': 112.7825941732}, 'used': {'BTC': 0.0, 'USDT': 0.0}, 'total': {'BTC': 6.31832e-05, 'USDT': 112.7825941732}}
INFO:__main__:---Response create_market_order---
{'info': {'orderId': '1472887758833528834', 'clientOid': '712a567a-b963-4248-aab0-bbe7d96f5874'}, 'id': '1472887758833528834', 'clientOrderId': '712a567a-b963-4248-aab0-bbe7d96f5874', 'timestamp': None, 'datetime': None, 'lastTradeTimestamp': None, 'lastUpdateTimestamp': None, 'symbol': 'BTC/USDT', 'type': None, 'side': None, 'price': None, 'amount': None, 'cost': None, 'average': None, 'filled': None, 'remaining': None, 'timeInForce': None, 'postOnly': None, 'reduceOnly': None, 'triggerPrice': None, 'takeProfitPrice': None, 'stopLossPrice': None, 'status': None, 'fee': None, 'trades': [], 'fees': [], 'stopPrice': None}

INFO:__main__:---Response fetch_trades---
INFO:__main__:
{'info': {'userId': '3839775644', 'symbol': 'BTCUSDT', 'orderId': '1472093420805369869', 'tradeId': '1472093420828475392', 'orderType': 'market', 'side': 'sell', 'priceAvg': '62777', 'size': '0.000037', 'amount': '2.322749', 'feeDetail': {'deduction': 'no', 'feeCoin': 'USDT', 'totalDeductionFee': '', 'totalFee': '-0.0018581992'}, 'tradeScope': 'taker', 'cTime': '1786700342375', 'uTime': '1786700342385'}, 'id': '1472093420828475392', 'order': '1472093420805369869', 'symbol': 'BTC/USDT', 'side': 'sell', 'type': 'market', 'takerOrMaker': 'taker', 'price': 62777.0, 'amount': 3.7e-05, 'cost': 2.322749, 'timestamp': 1786700342375, 'datetime': '2026-08-14T09:39:02.375Z', 'fee': {'currency': 'USDT', 'cost': 0.0018581992}, 'fees': [{'currency': 'USDT', 'cost': 0.0018581992}]}
INFO:__main__:
{'info': {'userId': '3839775644', 'symbol': 'BTCUSDT', 'orderId': '1472093420805369869', 'tradeId': '1472093420828475394', 'orderType': 'market', 'side': 'sell', 'priceAvg': '62777', 'size': '0.000024', 'amount': '1.506648', 'feeDetail': {'deduction': 'no', 'feeCoin': 'USDT', 'totalDeductionFee': '', 'totalFee': '-0.0012053184'}, 'tradeScope': 'taker', 'cTime': '1786700342375', 'uTime': '1786700342385'}, 'id': '1472093420828475394', 'order': '1472093420805369869', 'symbol': 'BTC/USDT', 'side': 'sell', 'type': 'market', 'takerOrMaker': 'taker', 'price': 62777.0, 'amount': 2.4e-05, 'cost': 1.506648, 'timestamp': 1786700342375, 'datetime': '2026-08-14T09:39:02.375Z', 'fee': {'currency': 'USDT', 'cost': 0.0012053184}, 'fees': [{'currency': 'USDT', 'cost': 0.0012053184}]}
INFO:__main__:
{'info': {'userId': '3839775644', 'symbol': 'BTCUSDT', 'orderId': '1472885906062651392', 'tradeId': '1472885906173837312', 'orderType': 'market', 'side': 'buy', 'priceAvg': '63055.01', 'size': '0.000031', 'amount': '1.95470531', 'feeDetail': {'deduction': 'no', 'feeCoin': 'BTC', 'totalDeductionFee': '', 'totalFee': '-0.0000000248'}, 'tradeScope': 'taker', 'cTime': '1786889285605', 'uTime': '1786889285616'}, 'id': '1472885906173837312', 'order': '1472885906062651392', 'symbol': 'BTC/USDT', 'side': 'buy', 'type': 'market', 'takerOrMaker': 'taker', 'price': 63055.01, 'amount': 3.1e-05, 'cost': 1.95470531, 'timestamp': 1786889285605, 'datetime': '2026-08-16T14:08:05.605Z', 'fee': {'currency': 'BTC', 'cost': 2.48e-08}, 'fees': [{'currency': 'BTC', 'cost': 2.48e-08}]}
INFO:__main__:
{'info': {'userId': '3839775644', 'symbol': 'BTCUSDT', 'orderId': '1472886089865441281', 'tradeId': '1472886089892741120', 'orderType': 'market', 'side': 'buy', 'priceAvg': '63055.01', 'size': '0.000031', 'amount': '1.95470531', 'feeDetail': {'deduction': 'no', 'feeCoin': 'BTC', 'totalDeductionFee': '', 'totalFee': '-0.0000000248'}, 'tradeScope': 'taker', 'cTime': '1786889329407', 'uTime': '1786889329417'}, 'id': '1472886089892741120', 'order': '1472886089865441281', 'symbol': 'BTC/USDT', 'side': 'buy', 'type': 'market', 'takerOrMaker': 'taker', 'price': 63055.01, 'amount': 3.1e-05, 'cost': 1.95470531, 'timestamp': 1786889329407, 'datetime': '2026-08-16T14:08:49.407Z', 'fee': {'currency': 'BTC', 'cost': 2.48e-08}, 'fees': [{'currency': 'BTC', 'cost': 2.48e-08}]}
INFO:__main__:
{'info': {'userId': '3839775644', 'symbol': 'BTCUSDT', 'orderId': '1472887758833528834', 'tradeId': '1472887758856634368', 'orderType': 'market', 'side': 'sell', 'priceAvg': '63055', 'size': '0.000062', 'amount': '3.90941', 'feeDetail': {'deduction': 'no', 'feeCoin': 'USDT', 'totalDeductionFee': '', 'totalFee': '-0.003127528'}, 'tradeScope': 'taker', 'cTime': '1786889727319', 'uTime': '1786889727329'}, 'id': '1472887758856634368', 'order': '1472887758833528834', 'symbol': 'BTC/USDT', 'side': 'sell', 'type': 'market', 'takerOrMaker': 'taker', 'price': 63055.0, 'amount': 6.2e-05, 'cost': 3.90941, 'timestamp': 1786889727319, 'datetime': '2026-08-16T14:15:27.319Z', 'fee': {'currency': 'USDT', 'cost': 0.003127528}, 'fees': [{'currency': 'USDT', 'cost': 0.003127528}]}
INFO:__main__:---Response create_trigger_order---
{'code': '00000', 'msg': 'success', 'requestTime': 1786890113134, 'data': {'orderId': '1472889377207054336', 'clientOid': '1472889377194471424'}}

INFO:__main__:---Response create_trigger_order---
{'code': '00000', 'msg': 'success', 'requestTime': 1786890389930, 'data': {'orderId': '1472890538131681280', 'clientOid': '1472890538110709760'}}

